40.77.167.30 - - [16/Nov/2015:06:02:39 +0100] "GET /galerias/27/details HTTP/1.1" 200 37082 "-" "-" "Mozilla/5.0 (compatible; bingbot/2.0; +http://www.bing.com/bingbot.htm)"
66.249.66.87 - - [16/Nov/2015:06:04:49 +0100] "GET /template/images/design/literario/literario4.jpg HTTP/1.1" 304 - "-" "-" "Googlebot-Image/1.0"
201.227.2.169 - - [16/Nov/2015:06:06:57 +0100] "GET /template/images/design/ermita/ermita5.jpg HTTP/1.1" 200 446579 "-" "https://www.google.com/" "Mozilla/5.0 (Windows NT 6.1; WOW64) AppleWebKit/537.36 (KHTML, like Gecko) Chrome/46.0.2490.86 Safari/537.36"
201.227.2.169 - - [16/Nov/2015:06:07:43 +0100] "GET /template/images/design/ermita/ermita4.jpg HTTP/1.1" 200 179819 "-" "https://www.google.com/" "Mozilla/5.0 (Windows NT 6.1; WOW64) AppleWebKit/537.36 (KHTML, like Gecko) Chrome/46.0.2490.86 Safari/537.36"
66.249.66.87 - - [16/Nov/2015:06:13:01 +0100] "GET /template/images/design/literario/literario1.jpg HTTP/1.1" 304 - "-" "-" "Googlebot-Image/1.0"
217.12.24.130 - - [16/Nov/2015:06:14:32 +0100] "GET /assets/css/responsive-calendar.css HTTP/1.1" 304 - "-" "-" "Mozilla/4.0 (compatible;)"
66.249.66.84 - - [16/Nov/2015:06:16:39 +0100] "GET /San-Fernando HTTP/1.1" 200 32111 "-" "-" "Mozilla/5.0 (compatible; Googlebot/2.1; +http://www.google.com/bot.html)"
195.154.169.85 - - [16/Nov/2015:06:19:07 +0100] "GET /robots.txt HTTP/1.0" 200 29 "-" "-" "Mozilla/5.0 (compatible; MJ12bot/v1.4.5; http://www.majestic12.co.uk/bot.php?+)"
195.154.169.85 - - [16/Nov/2015:06:19:09 +0100] "GET /noticia.php?id=46 HTTP/1.0" 302 386 "-" "-" "Mozilla/5.0 (compatible; MJ12bot/v1.4.5; http://www.majestic12.co.uk/bot.php?+)"
195.154.169.85 - - [16/Nov/2015:06:19:11 +0100] "GET / HTTP/1.0" 200 43627 "-" "-" "Mozilla/5.0 (compatible; MJ12bot/v1.4.5; http://www.majestic12.co.uk/bot.php?+)"
66.249.66.90 - - [16/Nov/2015:06:31:28 +0100] "GET /template/images/design/literario/literario6.jpg HTTP/1.1" 304 - "-" "-" "Googlebot-Image/1.0"
66.249.66.90 - - [16/Nov/2015:06:39:39 +0100] "GET /template/images/design/literario/literario3.jpg HTTP/1.1" 304 - "-" "-" "Googlebot-Image/1.0"
217.12.24.130 - - [16/Nov/2015:06:48:59 +0100] "GET /entradas/1442166652-3687.jpg HTTP/1.1" 304 - "-" "-" "Mozilla/4.0 (compatible;)"
188.165.15.110 - - [16/Nov/2015:06:58:39 +0100] "GET /entradas/52/index.html HTTP/1.1" 302 386 "-" "-" "Mozilla/5.0 (compatible; AhrefsBot/5.0; +http://ahrefs.com/robot/)"
217.12.24.130 - - [16/Nov/2015:07:21:35 +0100] "GET /assets/css/ie8.css HTTP/1.1" 304 - "-" "-" "Mozilla/4.0 (compatible;)"
188.165.15.110 - - [16/Nov/2015:07:22:25 +0100] "GET /template/images/design/musical/musical7.jpg HTTP/1.1" 200 400998 "-" "-" "Mozilla/5.0 (compatible; AhrefsBot/5.0; +http://ahrefs.com/robot/)"
176.57.97.97 - - [16/Nov/2015:07:34:20 +0100] "GET /template/images/design/artistico/49.jpg HTTP/1.1" 200 2767573 "-" "-" "Mozilla/5.0 (Linux; Android 4.4.2; D2203 Build/18.4.C.2.12) AppleWebKit/537.36 (KHTML, like Gecko) Version/4.0 Chrome/30.0.0.0 Mobile Safari/537.36 GSA/3.4.16.1149292.arm"
66.249.66.90 - - [16/Nov/2015:07:37:00 +0100] "GET /template/images/design/historico/16.jpg HTTP/1.1" 304 - "-" "-" "Googlebot-Image/1.0"
66.249.66.84 - - [16/Nov/2015:07:39:04 +0100] "GET /template/images/design/historico/11.jpg HTTP/1.1" 304 - "-" "-" "Googlebot-Image/1.0"
66.249.66.90 - - [16/Nov/2015:07:45:11 +0100] "GET /entradas/1441645682-3628.jpg HTTP/1.1" 304 - "-" "-" "Googlebot-Image/1.0"
217.12.28.130 - - [16/Nov/2015:07:46:21 +0100] "GET /entradas/1442166785-7174.jpg HTTP/1.1" 304 - "-" "-" "Mozilla/4.0 (compatible;)"
66.249.66.84 - - [16/Nov/2015:07:53:15 +0100] "GET /template/images/design/musical/musical1.jpg HTTP/1.1" 304 - "-" "-" "Googlebot-Image/1.0"
66.249.66.84 - - [16/Nov/2015:08:05:34 +0100] "GET /template/images/design/ermita/ermita4.jpg HTTP/1.1" 304 - "-" "-" "Googlebot-Image/1.0"
66.249.66.90 - - [16/Nov/2015:08:12:08 +0100] "GET /Musical HTTP/1.1" 200 28361 "-" "-" "Mozilla/5.0 (compatible; Googlebot/2.1; +http://www.google.com/bot.html)"
217.12.24.130 - - [16/Nov/2015:08:12:13 +0100] "GET /assets/plugins/fancybox/source/fancybox_sprite.png HTTP/1.1" 304 - "-" "-" "Mozilla/4.0 (compatible;)"
66.249.66.90 - - [16/Nov/2015:08:12:21 +0100] "GET /assets/plugins/owl-carousel/owl-carousel/owl.carousel.css HTTP/1.1" 200 6383 "-" "-" "Mozilla/5.0 (compatible; Googlebot/2.1; +http://www.google.com/bot.html)"
66.249.66.90 - - [16/Nov/2015:08:14:31 +0100] "GET /Junta-de-Gobierno HTTP/1.1" 200 25814 "-" "-" "Mozilla/5.0 (compatible; Googlebot/2.1; +http://www.google.com/bot.html)"
66.249.66.84 - - [16/Nov/2015:08:17:52 +0100] "GET /template/images/design/ermita/ermita3.jpg HTTP/1.1" 304 - "-" "-" "Googlebot-Image/1.0"
217.12.24.130 - - [16/Nov/2015:08:25:30 +0100] "GET /assets/plugins/animate.css HTTP/1.1" 304 - "-" "-" "Mozilla/4.0 (compatible;)"
37.187.99.211 - - [16/Nov/2015:08:26:55 +0100] "GET /robots.txt HTTP/1.0" 200 29 "-" "-" "Mozilla/5.0 (compatible; MJ12bot/v1.4.5; http://www.majestic12.co.uk/bot.php?+)"
37.187.99.211 - - [16/Nov/2015:08:26:57 +0100] "GET /imagenes/noticias/Cartel%202012P HTTP/1.0" 302 370 "-" "-" "Mozilla/5.0 (compatible; MJ12bot/v1.4.5; http://www.majestic12.co.uk/bot.php?+)"
66.249.66.90 - - [16/Nov/2015:08:42:35 +0100] "GET /Literario HTTP/1.1" 200 33253 "-" "-" "Mozilla/5.0 (compatible; Googlebot/2.1; +http://www.google.com/bot.html)"
66.249.66.90 - - [16/Nov/2015:08:46:34 +0100] "GET /entradas/1441644609-3059.jpg HTTP/1.1" 304 - "-" "-" "Googlebot-Image/1.0"
217.12.24.130 - - [16/Nov/2015:09:04:41 +0100] "GET /assets/plugins/masonry/jquery.masonry.min.js HTTP/1.1" 304 - "-" "-" "Mozilla/4.0 (compatible;)"
62.212.73.211 - - [16/Nov/2015:09:16:12 +0100] "GET /robots.txt HTTP/1.0" 200 29 "-" "-" "Mozilla/5.0 (compatible; MJ12bot/v1.4.5; http://www.majestic12.co.uk/bot.php?+)"
62.212.73.211 - - [16/Nov/2015:09:16:13 +0100] "GET /noticia.php?id=103 HTTP/1.0" 302 386 "-" "-" "Mozilla/5.0 (compatible; MJ12bot/v1.4.5; http://www.majestic12.co.uk/bot.php?+)"
